* Checking for deprecated package usage... OK
* Checking for remote package usage... OK
* Checking for 'LazyData: true' usage... OK
* Checking version number... OK
* Checking version number validity... OK
* Checking R version dependency... OK
* Checking package size... OK
* Checking individual file sizes... OK
* Checking biocViews... OK
* Checking that biocViews are present... OK
* Checking package type based on biocViews... OK
* Checking for non-trivial biocViews... OK
* Checking that biocViews come from the same category... OK
* Checking biocViews validity... OK
* Checking for recommended biocViews... OK
* Checking build system compatibility... OK
* Checking for blank lines in DESCRIPTION... OK
* Checking if DESCRIPTION is well formatted... OK
* Checking for proper Description: field...
* NOTE: The Description field in the DESCRIPTION is made up of less than 3 sentences. Provide a more
detailed description of the package.
* Checking for whitespace in DESCRIPTION field names... OK
* Checking that Package field matches directory/tarball name... OK
* Checking for Version: field... OK
* Checking for valid maintainer... OK
* Checking License: for restrictive use... OK
* Checking for recommended DESCRIPTION fields... OK
* Checking for Bioconductor software dependencies... OK
* Checking for pinned package versions in DESCRIPTION... OK
* Checking .Rbuildignore... OK
* Checking for stray BiocCheck output folders...
* ERROR: Remove 'AiES.BiocCheck' from the package directory
* Checking for inst/doc folders... OK
* Checking vignette directory...
* NOTE:  'sessionInfo' not found in vignette(s)
Missing from file(s):
vignettes/Introduction_to_AiES_ver240612.Rmd
* Checking package installation calls in R code... OK
* Checking for library/require of AiES... OK
* Checking coding practice...
* NOTE:  Avoid using '=' for assignment and use '<-' instead
Found in files:
R/240613axQnt006.R (line 194, column 22)
* NOTE:  Avoid the use of 'paste' in condition signals
Found in files:
R/240613axDistmap012.R (line 107, column 13)
R/240613axQnt006.R (line 117, column 13)
R/240613axQnt006.R (line 133, column 17)
R/240613axQnt006.R (line 175, column 13)
* NOTE:  Avoid redundant 'stop' and 'warn*' in signal conditions
Found in files:
R/240613axQnt006.R (line 196, column 12)
* WARNING:  Avoid T/F variables; If logical, use TRUE/FALSE 
Found 1 times:
F in R/240613axQnt006.R (line 174, column 48)
* Checking parsed R code in R directory, examples, vignettes... OK
* Checking function lengths...
* NOTE: The recommended function length is 50 lines or less. There are 4 functions greater than 50 lines.
The longest 5 functions are:
axQnt() (R/240613axQnt006.R): 184 lines
axSvm() (R/240614axSvm005.R): 183 lines
axDistmap() (R/240613axDistmap012.R): 123 lines
procImage() (R/240613axDistmap012.R):  59 lines
* Checking man page documentation...
* ERROR: At least 80% of man pages documenting exported objects must have runnable examples.
The following pages do not:
Axdistmap.Rd
AxQnt.Rd
Axsvm.Rd
* Checking package NEWS...
* NOTE: Consider adding a NEWS file, so your package news will be included in Bioconductor release announcements.
* Checking unit tests...
* NOTE: Consider adding unit tests. We strongly encourage them. See
  https://contributions.bioconductor.org/tests.html
* Checking skip_on_bioc() in tests... OK
* Checking formatting of DESCRIPTION, NAMESPACE, man pages, R source, and vignette source...
* NOTE: Consider shorter lines; 41 lines (6%) are > 80 characters long.
First few lines:
R/240613axDistmap012.R#L4 #' @description \code{axDistmap} create  ...
R/240613axDistmap012.R#L8 #' @importFrom EBImage readImage resize  ...
R/240613axDistmap012.R#L23 axDistmap <- function(subBack = 30, Bina ...
R/240613axDistmap012.R#L77   #######Threshold for eliminating small ...
R/240613axDistmap012.R#L101       singleData <- data.frame(cbind(sin ...
R/240613axDistmap012.R#L106                 sep="\t",row.names=FALSE ...
R/240613axDistmap012.R#L128     filePath <- choose.files(caption = " ...
R/240613axQnt006.R#L4 #' @description \code{axQnt} quantificat ...
R/240613axQnt006.R#L7 #' @importFrom EBImage readImage resize  ...
R/240613axQnt006.R#L41   #Ftr.tmp <- c("Group","m.eccentricity" ...
R/240613axQnt006.R#L42   ftrSvm <- c("m.eccentricity","s.radius ...
R/240613axQnt006.R#L52     data.frame( matrix( vector(), nrow,  ...
R/240613axQnt006.R#L90     #######Threshold for eliminating sma ...
R/240613axQnt006.R#L116                 sep="\t",row.names=FALSE ...
R/240613axQnt006.R#L132                   sep=",",row.names=FALS ...
R/240613axQnt006.R#L135       AxII <- sum((Pred %in% txtGroup[2] ...
R/240613axQnt006.R#L136       DegI <- sum((Pred %in% txtGroup[1] ...
R/240613axQnt006.R#L149            filePath2 <- choose.files(cap ...
R/240613axQnt006.R#L151            filePath2 <- choose.files(cap ...
R/240613axQnt006.R#L169     rltSummary <- lapply(list.files()[is ...
R/240613axQnt006.R#L172     ##################Export the Summary ...
R/240613axQnt006.R#L173     write.table(rltSummary, paste0(dirIn ...
R/240613axQnt006.R#L175     message(paste0(dirInfo2$Dir_Name[(nr ...
R/240613axQnt006.R#L197           dirInfo1$Dir_Name[nrow(dirInfo ...
R/240614axSvm005.R#L38   ftrTmp <- c("Group","m.eccentricity"," ...
R/240614axSvm005.R#L47     data.frame( matrix( vector(), nrow,  ...
R/240614axSvm005.R#L65     filePath1 <- choose.files(caption =  ...
R/240614axSvm005.R#L74     mainFldr[1] <- str_c(dirInfo1$Dir_Na ...
R/240614axSvm005.R#L80   filePath2 <- choose.files(caption = "S ...
R/240614axSvm005.R#L89   mainFldr[2] <- str_c(dirInfo2$Dir_Name ...
R/240614axSvm005.R#L109       trainingData <- data.frame(cbind(" ...
R/240614axSvm005.R#L112       trainingData <- rbind(trainingData ...
R/240614axSvm005.R#L154     filePath3 <- choose.files(default =  ...
R/240614axSvm005.R#L163                   sep="\t",row.names=FAL ...
R/240614axSvm005.R#L170     filePath4 <- choose.files(default =  ...
R/240614axSvm005.R#L191     ##  trainingData <- data.frame(cbind ...
R/240614axSvm005.R#L194     ##  trainingData <- rbind(trainingDa ...
R/globals.R#L1 utils::globalVariables(c("DeD", "InD", " ...
vignettes/Introduction_to_AiES_ver240612.Rmd#L18 This is an R Markdown document. Markdown ...
vignettes/Introduction_to_AiES_ver240612.Rmd#L20 When you click the **Knit** button a doc ...
vignettes/Introduction_to_AiES_ver240612.Rmd#L34 Note that the `echo = FALSE` parameter w ...
* NOTE: Consider multiples of 4 spaces for line indents; 217 lines (34%) are not.
First few lines:
R/240613axDistmap012.R#L25   ###imgType check ...
R/240613axDistmap012.R#L26   if(!(imgType %in% c("tiff","png","jpg" ...
R/240613axDistmap012.R#L28   #### #test code for debug ...
R/240613axDistmap012.R#L29   ##library("EBImage") ...
R/240613axDistmap012.R#L30   ##library("stringr") ...
R/240613axDistmap012.R#L31   ##library("colorspace") ...
R/240613axDistmap012.R#L32   ##library("EBImage") ...
R/240613axDistmap012.R#L33   ##library("dplyr") ...
R/240613axDistmap012.R#L34   ##subBack <- 30 ...
R/240613axDistmap012.R#L35   ##Binary = "TRUE" ...
R/240613axDistmap012.R#L36   ##allFeatures = "TRUE" ...
R/240613axDistmap012.R#L37   ##imgType = "tiff" ...
R/240613axDistmap012.R#L38   ######################### ...
R/240613axDistmap012.R#L39   ###############Definition of variable# ...
R/240613axDistmap012.R#L41   sdate <- Sys.Date() ...
R/240613axDistmap012.R#L43   ###############Definition of function# ...
R/240613axDistmap012.R#L44   ##Function 1 ...
R/240613axDistmap012.R#L45   #num_f <- function(x){ ...
R/240613axDistmap012.R#L46   #  x <- as.numeric(levels(x))[x] ...
R/240613axDistmap012.R#L47   #} ...
R/240613axDistmap012.R#L48   ##Function 2 ...
R/240613axDistmap012.R#L49   isTxt <- function(x) regexpr('\\.tif$' ...
R/240613axDistmap012.R#L51   ##Function 3 ...
R/240613axDistmap012.R#L52   ####function to extract dirInfo ...
R/240613axDistmap012.R#L53   dirInfo <- function(x){ ...
R/240613axDistmap012.R#L55       str_split( "/") %>% ...
R/240613axDistmap012.R#L56       unlist() %>% ...
R/240613axDistmap012.R#L57       as.data.frame()  %>% ...
R/240613axDistmap012.R#L58       mutate(level = row_number()) ...
R/240613axDistmap012.R#L59   } ...
R/240613axDistmap012.R#L61   ##Function 4 ...
R/240613axDistmap012.R#L62   ########Processing Image ...
R/240613axDistmap012.R#L63   procImage <- function(x){ ...
R/240613axDistmap012.R#L77   #######Threshold for eliminating small ...
R/240613axDistmap012.R#L92       singleData <- data.frame(s.area =  ...
R/240613axDistmap012.R#L101       singleData <- data.frame(cbind(sin ...
R/240613axDistmap012.R#L104   #####export data file ...
R/240613axDistmap012.R#L110       dmrmabw <- 1*(bnrySeg > 0)# %>% #  ...
R/240613axDistmap012.R#L111       file.name <- paste0(x,"_",sdate,   ...
R/240613axDistmap012.R#L112       writeImage(dmrmabw, file.name,type ...
R/240613axDistmap012.R#L113       message(file.name) ...
R/240613axDistmap012.R#L121   } ...
R/240613axDistmap012.R#L125   ##Function 5 ...
R/240613axDistmap012.R#L126   ######Selecting the Directory####### ...
R/240613axDistmap012.R#L127   procFiles <- function() {  ##recursive ...
R/240613axDistmap012.R#L140   } ...
R/240613axDistmap012.R#L142   ##Excecute ...
R/240613axDistmap012.R#L143   procFiles() ...
R/240613axQnt006.R#L25   ######################Codes for test r ...
R/240613axQnt006.R#L26   ##library("dplyr") ...
R/240613axQnt006.R#L27   ##library("stats") ...
R/240613axQnt006.R#L28   ##library("stringr") ...
R/240613axQnt006.R#L29   ##library("ggpubr") ...
R/240613axQnt006.R#L30   ##library("EBImage") ...
R/240613axQnt006.R#L31   ##library("stringr") ...
R/240613axQnt006.R#L32   ##library("colorspace") ...
R/240613axQnt006.R#L33   ##library("EBImage") ...
R/240613axQnt006.R#L34   ##library("dplyr") ...
R/240613axQnt006.R#L35   ##subBack <- 30 ...
R/240613axQnt006.R#L36   ##imprtImg = FALSE ...
R/240613axQnt006.R#L37   ##expSip = TRUE ...
R/240613axQnt006.R#L38   ###############Definition of variable# ...
R/240613axQnt006.R#L40   txtGroup <- c("Degenerate","Intact") ...
R/240613axQnt006.R#L41   #Ftr.tmp <- c("Group","m.eccentricity" ...
R/240613axQnt006.R#L42   ftrSvm <- c("m.eccentricity","s.radius ...
R/240613axQnt006.R#L43   rltName <- c("FileName","AxonIntegrity ...
R/240613axQnt006.R#L44   sdate <- Sys.Date() ...
R/240613axQnt006.R#L46   ###############Definition of function# ...
R/240613axQnt006.R#L47   ##Function 1 ...
R/240613axQnt006.R#L48   createEmptyDF <- function( nrow, ncol, ...
R/240613axQnt006.R#L50       ncol <- length( colnames ) ...
R/240613axQnt006.R#L53   } ...
R/240613axQnt006.R#L55   ##Function 2 ...
R/240613axQnt006.R#L56   isTxt <- function(x) regexpr('\\.txt$' ...
R/240613axQnt006.R#L57   ##Function 3 ...
R/240613axQnt006.R#L58   isTif <- function(x) regexpr('\\.tif$' ...
R/240613axQnt006.R#L59   ##Function 4 ...
R/240613axQnt006.R#L60   #num_f <- function(x){ ...
R/240613axQnt006.R#L61   #  x <- as.numeric(levels(x))[x] ...
R/240613axQnt006.R#L62   #} ...
R/240613axQnt006.R#L64   ##Function 5 ...
R/240613axQnt006.R#L65   ####function to extract dirInfo ...
R/240613axQnt006.R#L66   dirInfo <- function(x){ ...
R/240613axQnt006.R#L68       str_split( "/") %>% ...
R/240613axQnt006.R#L69       unlist() %>% ...
R/240613axQnt006.R#L70       as.data.frame()  %>% ...
R/240613axQnt006.R#L71       mutate(level = row_number()) ...
R/240613axQnt006.R#L72   } ...
R/240613axQnt006.R#L74   ##Function 6 ...
R/240613axQnt006.R#L75   ########Processing Image ...
R/240613axQnt006.R#L76   procImage <- function(x){ ...
R/240613axQnt006.R#L106                            m.eccentricit ...
R/240613axQnt006.R#L107                            s.radius.sd = ...
R/240613axQnt006.R#L108                            h.sva.s2 = si ...
R/240613axQnt006.R#L109                            h.idm.s1 = si ...
R/240613axQnt006.R#L110                            h.sen.s1 = si ...
R/240613axQnt006.R#L111                            m.majoraxis = ...
R/240613axQnt006.R#L112                            stringsAsFact ...
R/240613axQnt006.R#L118   } ...
R/240613axQnt006.R#L120   ##Function 7 ...
R/240613axQnt006.R#L121   ########Processing Text data ...
R/240613axQnt006.R#L122   procTxt <- function(x, y){ ...
R/240613axQnt006.R#L125       Pred <- svmModelLoaded %>% ...
R/240613axQnt006.R#L126       get() %>% ...
R/240613axQnt006.R#L127       predict(Data_shq, type="class", pr ...
R/240613axQnt006.R#L128       as.character() ...
R/240613axQnt006.R#L129       if(expSip == TRUE){ ...
R/240613axQnt006.R#L131                   paste0(x, "_", sdate," ...
R/240613axQnt006.R#L132                   sep=",",row.names=FALS ...
R/240613axQnt006.R#L134       } ...
R/240613axQnt006.R#L135       AxII <- sum((Pred %in% txtGroup[2] ...
R/240613axQnt006.R#L136       DegI <- sum((Pred %in% txtGroup[1] ...
R/240613axQnt006.R#L137       y[nrow(y)+1,] <- c(x, AxII, DegI) ...
R/240613axQnt006.R#L138       return(y) ...
R/240613axQnt006.R#L140       message(x, ": This file does not c ...
R/240613axQnt006.R#L142   } ...
R/240613axQnt006.R#L144   ##Function 8 ...
R/240613axQnt006.R#L145   ######Selecting the Directory####### ...
R/240613axQnt006.R#L146   procFiles <- function() {  ##recursive ...
R/240613axQnt006.R#L149            filePath2 <- choose.files(cap ...
R/240613axQnt006.R#L150                                       mu ...
R/240613axQnt006.R#L151            filePath2 <- choose.files(cap ...
R/240613axQnt006.R#L152                                       mu ...
R/240613axQnt006.R#L162       ################Calculate axon int ...
R/240613axQnt006.R#L163       lapply(list.files()[isTif(list.fil ...
R/240613axQnt006.R#L179   } ...
R/240613axQnt006.R#L181   ################################ ...
R/240613axQnt006.R#L182   ##Excecute ...
R/240613axQnt006.R#L183   #############import svm model ####### ...
R/240613axQnt006.R#L184   ######Selecting the Directory1####### ...
R/240613axQnt006.R#L185   # file full path ...
R/240613axQnt006.R#L186   filePath1 <- choose.files(caption = "S ...
R/240613axQnt006.R#L187                              multi=FALSE ...
R/240613axQnt006.R#L188   if (length(filePath1)==0) { ...
R/240613axQnt006.R#L190   }else{ ...
R/240613axQnt006.R#L192       dirInfo1 <- dirInfo(filePath1) ...
R/240613axQnt006.R#L193       colnames(dirInfo1) <- c("Dir_Name" ...
R/240613axQnt006.R#L194       svmModelLoaded = load(filePath1) ...
R/240613axQnt006.R#L196       stop(" Error in load file '", ...
R/240613axQnt006.R#L197           dirInfo1$Dir_Name[nrow(dirInfo ...
R/240613axQnt006.R#L199   } ...
R/240613axQnt006.R#L201   ##################################### ...
R/240613axQnt006.R#L202   procFiles() ...
R/240614axSvm005.R#L24   ##library("dplyr") ...
R/240614axSvm005.R#L25   ##library("e1071") ...
R/240614axSvm005.R#L26   ##library("stringr") ...
R/240614axSvm005.R#L27   ##library("ggpubr") ...
R/240614axSvm005.R#L28   ##Image = TRUE ...
R/240614axSvm005.R#L29   ##nCst = 3 ...
R/240614axSvm005.R#L30   ##nGmm = 0.1 ...
R/240614axSvm005.R#L31   ##nCrss=5 ...
R/240614axSvm005.R#L35   ##############Definition of variable## ...
R/240614axSvm005.R#L37   txtGroup <- c("Degenerate","Intact") ...
R/240614axSvm005.R#L38   ftrTmp <- c("Group","m.eccentricity"," ...
R/240614axSvm005.R#L39   sdate <- Sys.Date() ...
R/240614axSvm005.R#L41   ###############Definition of function# ...
R/240614axSvm005.R#L42   ##Function 1 ...
R/240614axSvm005.R#L43   createEmptyDF <- function( nrow, ncol, ...
R/240614axSvm005.R#L45       ncol <- length( colnames ) ...
R/240614axSvm005.R#L48   } ...
R/240614axSvm005.R#L50   ##Function2 ...
R/240614axSvm005.R#L51   isTxt <- function(x) regexpr('\\.txt$' ...
R/240614axSvm005.R#L52   ####function to extract dirInfo ...
R/240614axSvm005.R#L53   dirInfo <- function(x){ ...
R/240614axSvm005.R#L55       str_split( "/") %>% ...
R/240614axSvm005.R#L56       unlist() %>% ...
R/240614axSvm005.R#L57       as.data.frame()  %>% ...
R/240614axSvm005.R#L58       mutate(level = row_number()) ...
R/240614axSvm005.R#L59   } ...
R/240614axSvm005.R#L60   ################################ ...
R/240614axSvm005.R#L63   ######Selecting the Directory1####### ...
R/240614axSvm005.R#L64   # file full path ...
R/240614axSvm005.R#L66                                multi=FAL ...
R/240614axSvm005.R#L69       return(message("File not selected. ...
R/240614axSvm005.R#L78   ######Selecting the Directory2####### ...
R/240614axSvm005.R#L79   # file full path ...
R/240614axSvm005.R#L80   filePath2 <- choose.files(caption = "S ...
R/240614axSvm005.R#L81                              multi=FALSE ...
R/240614axSvm005.R#L83   if (length(filePath2)==0) { ...
R/240614axSvm005.R#L85   }else{ ...
R/240614axSvm005.R#L87   dirInfo2 <- dirInfo(filePath2) ...
R/240614axSvm005.R#L88   colnames(dirInfo2) <- c("Dir_Name", "L ...
R/240614axSvm005.R#L89   mainFldr[2] <- str_c(dirInfo2$Dir_Name ...
R/240614axSvm005.R#L90   ##################################### ...
R/240614axSvm005.R#L91   } ...
R/240614axSvm005.R#L96   ##tryCatch({ ...
R/240614axSvm005.R#L97   ##  if(exists('trainingData') == TRUE) ...
R/240614axSvm005.R#L98   ##}, condition = function(c){ ...
R/240614axSvm005.R#L99   ##  warning("Object 'trainingData' del ...
R/240614axSvm005.R#L100   ##}) ...
R/240614axSvm005.R#L102   ## ...
R/240614axSvm005.R#L104   ##Function ...
R/240614axSvm005.R#L105   procFiles <- function(x,y){ ...
R/240614axSvm005.R#L109       trainingData <- data.frame(cbind(" ...
R/240614axSvm005.R#L112       trainingData <- rbind(trainingData ...
R/240614axSvm005.R#L113                                          ...
R/240614axSvm005.R#L116   } ...
R/240614axSvm005.R#L119   ##Function ...
R/240614axSvm005.R#L120   procSvm <- function(x){ ...
R/240614axSvm005.R#L131   } ...
R/240614axSvm005.R#L133   ####################Execution ...
R/240614axSvm005.R#L140       Group ~ ., data = dataSvm, ...
R/240614axSvm005.R#L141       method = "C-classification", ...
R/240614axSvm005.R#L142       probability = TRUE, ...
R/240614axSvm005.R#L143       kernel = "radial", ...
R/240614axSvm005.R#L144       gamma = nGmm, ...
R/240614axSvm005.R#L145       cost = nCst, ...
R/240614axSvm005.R#L146       cross = nCrss, #K-fold cross-valid ...
R/240614axSvm005.R#L159       message("Canceled \n") ...
R/240614axSvm005.R#L160       return(NULL)##Error countermeasure ...
R/240614axSvm005.R#L162       write.table(data_svm, filePath3, ...
R/240614axSvm005.R#L163                   sep="\t",row.names=FAL ...
R/240614axSvm005.R#L164       message(dirInfo3$Dir_Name[nrow(dir ...
R/240614axSvm005.R#L175       message("Canceled \n") ...
R/240614axSvm005.R#L176       return(NULL)##Error countermeasure ...
R/240614axSvm005.R#L178       save(svmModel, file= filePath4) ...
R/240614axSvm005.R#L179       message(dirInfo4$Dir_Name[nrow(dir ...
* Checking if package already exists in CRAN... OK
* Checking for bioc-devel mailing list subscription...
* NOTE: Cannot determine whether maintainer is subscribed to the Bioc-Devel mailing list (requires admin credentials). Subscribe here: https://stat.ethz.ch/mailman/listinfo/bioc-devel
* Checking for support site registration... OK
